---
source: sync_lib/src/operations/operation.rs
expression: "Operation::create_insert(-1, \"hi\")"
snapshot_kind: text
---
Err(
    NegativeOperationIndexError(
        "Index -1 is negative",
    ),
)
