---
source: sync_lib/src/operations/operation_sequence.rs
expression: result
snapshot_kind: text
---
Err(
    DiffTooLarge {
        diff_ratio: 0.73333335,
        diff_ratio_limit: 0.1,
    },
)
