---
source: sync_lib/src/operations/operation.rs
expression: "Operation::create_delete(-1, -1)"
snapshot_kind: text
---
Err(
    NegativeOperationIndexError(
        "Index -1 is negative",
    ),
)
