---
source: sync_lib/src/operations/operation.rs
expression: "Operation::create_insert(0, \"hi\").unwrap().unwrap().with_index(-1)"
snapshot_kind: text
---
Err(
    NegativeOperationIndexError(
        "Index -1 is negative",
    ),
)
