---
source: src/tokenizer/character_tokenizer.rs
expression: "character_tokenizer(\"\")"
---
[]
