---
source: src/tokenizer/word_tokenizer.rs
expression: "word_tokenizer(\"\")"
snapshot_kind: text
---
[]
