---
source: src/tokenizer/line_tokenizer.rs
expression: "line_tokenizer(\"Hello\")"
snapshot_kind: text
---
[
    Token {
        normalized: "Hello",
        original: "Hello",
        is_left_joinable: true,
        is_right_joinable: true,
    },
]
