---
source: src/tokenizer/line_tokenizer.rs
expression: "line_tokenizer(\"\")"
snapshot_kind: text
---
[]
