---
source: sync_lib/tests/web.rs
expression: base64_to_bytes(input)
snapshot_kind: text
---
Err(
    Base64DecodingError {
        reason: "Invalid symbol 61, offset 0.",
    },
)
