---
source: src/utils/myers_diff.rs
expression: result
---
[
    Equal(
        [
            Token {
                normalised: "a",
                original: "a",
                is_left_joinable: true,
                is_right_joinable: true,
            },
        ],
    ),
    Delete(
        [
            Token {
                normalised: "b",
                original: "b",
                is_left_joinable: true,
                is_right_joinable: true,
            },
        ],
    ),
    Delete(
        [
            Token {
                normalised: "c",
                original: "c",
                is_left_joinable: true,
                is_right_joinable: true,
            },
        ],
    ),
    Insert(
        [
            Token {
                normalised: "x",
                original: "x",
                is_left_joinable: true,
                is_right_joinable: true,
            },
        ],
    ),
    Equal(
        [
            Token {
                normalised: "d",
                original: "d",
                is_left_joinable: true,
                is_right_joinable: true,
            },
        ],
    ),
]
