---
source: reconcile/src/diffs/myers.rs
expression: result
snapshot_kind: text
---
[
    Insert(
        [
            Token {
                normalised: "a",
                original: "a",
                is_left_joinable: true,
                is_right_joinable: true,
            },
        ],
    ),
    Insert(
        [
            Token {
                normalised: "b",
                original: "b",
                is_left_joinable: true,
                is_right_joinable: true,
            },
        ],
    ),
]
