---
source: reconcile/src/diffs/myers.rs
expression: result
snapshot_kind: text
---
[
    Equal(
        [
            Token {
                normalised: "a",
                original: "a",
            },
        ],
    ),
    Delete(
        [
            Token {
                normalised: "b",
                original: "b",
            },
            Token {
                normalised: "c",
                original: "c",
            },
        ],
    ),
    Insert(
        [
            Token {
                normalised: "x",
                original: "x",
            },
        ],
    ),
    Equal(
        [
            Token {
                normalised: "d",
                original: "d",
            },
        ],
    ),
]
